  1/1 Cosine_Min: 1.000 ━━━━━━━━━━━━━━━━━━━━━━━━━━━━━━━━━━━━━━━━ 0:05:56 0:00:00

adhoc • oracle
┏━━━━━━━━┳━━━━━━━━━━━━┳━━━━━━━━━━━━┳━━━━━━━━━━━━┳━━━━━━━━━━┳━━━━━━━━┳━━━━━━━━━━┓
┃ Trials ┃ Exceptions ┃ Cosine_Min ┃ N_Tensors… ┃   N_Test ┃ Reward ┃ Spearman ┃
┡━━━━━━━━╇━━━━━━━━━━━━╇━━━━━━━━━━━━╇━━━━━━━━━━━━╇━━━━━━━━━━╇━━━━━━━━╇━━━━━━━━━━┩
│      1 │          0 │      1.000 │    108.000 │ 3427.000 │  0.556 │    0.113 │
└────────┴────────────┴────────────┴────────────┴──────────┴────────┴──────────┘

┏━━━━━━━━━━━━━━━━━━━━━┳━━━━━━━┓
┃ Reward              ┃ Count ┃
┡━━━━━━━━━━━━━━━━━━━━━╇━━━━━━━┩
│ 0.5563225396174917  │     1 │
│ 0.11264507923498325 │     1 │
│ 3427                │     1 │
│ 0.999999999999936   │     1 │
│ 108                 │     1 │
└─────────────────────┴───────┘

Job Info
Total runtime: 5m 56s
Results written to jobs/2026-08-09__00-40-08/result.json
Inspect results by running `harbor view jobs`
Share results by running `harbor upload jobs/2026-08-09__00-40-08`

